/usr/bin/ffmpeg -hide_banner -y -y -r 24 -start_number 0 -start_number_range 1 -i /home/matthew/Projects/Godot4/burgert/assets/images/graphics/menu/flip-phone-frame%04d.png -i /home/matthew/Projects/Godot4/burgert/assets/images/graphics/menu/KritaTempPalettegen_%06d.png -lavfi [0:v][1:v]paletteuse=dither=sierra2_4a:diff_mode=none -f gif -loop 0 -gifflags +transdiff /home/matthew/Projects/Godot4/burgert/assets/images/graphics/menu/flip-phone.gif
=====================================================
Input #0, image2, from '/home/matthew/Projects/Godot4/burgert/assets/images/graphics/menu/flip-phone-frame%04d.png':
  Duration: 00:00:00.32, start: 0.000000, bitrate: N/A
  Stream #0:0: Video: png, rgba(pc, gbr/unknown/unknown), 160x120 [SAR 11811:11811 DAR 4:3], 25 fps, 25 tbr, 25 tbn
Input #1, image2, from '/home/matthew/Projects/Godot4/burgert/assets/images/graphics/menu/KritaTempPalettegen_%06d.png':
  Duration: 00:00:00.04, start: 0.000000, bitrate: N/A
  Stream #1:0: Video: png, rgba(pc, gbr/unknown/unknown), 16x16 [SAR 1:1 DAR 1:1], 25 fps, 25 tbr, 25 tbn
Stream mapping:
  Stream #0:0 (png) -> paletteuse
  Stream #1:0 (png) -> paletteuse
  paletteuse:default -> Stream #0:0 (gif)
Press [q] to stop, [?] for help
Output #0, gif, to '/home/matthew/Projects/Godot4/burgert/assets/images/graphics/menu/flip-phone.gif':
  Metadata:
    encoder         : Lavf60.16.100
  Stream #0:0: Video: gif, pal8(pc, gbr/unknown/unknown, progressive), 160x120 [SAR 1:1 DAR 4:3], q=2-31, 200 kb/s, 24 fps, 100 tbn
    Metadata:
      encoder         : Lavc60.31.102 gif
frame=    1 fps=0.0 q=-0.0 size=       0kB time=00:00:00.04 bitrate=   0.0kbits/s speed=1.29x    [out#0/gif @ 0x601bbdc72880] video:5kB audio:0kB subtitle:0kB other streams:0kB global headers:0kB muxing overhead: 0.422654%
frame=    8 fps=0.0 q=-0.0 Lsize=       5kB time=00:00:00.29 bitrate= 130.3kbits/s speed=8.16x    
